../Core/Src/main.c:114:6:updatePosition	32	static
../Core/Src/main.c:132:6:updatePendulumState	16	static
../Core/Src/main.c:148:6:swingUpPendulum	16	static
../Core/Src/main.c:164:8:calculateVelocity	40	static
../Core/Src/main.c:169:6:swingDownPendulum	8	static
../Core/Src/main.c:179:6:swingDownControl	24	static
../Core/Src/main.c:208:6:checkFallDirection	24	static
../Core/Src/main.c:217:6:swingUpControl	24	static
../Core/Src/main.c:245:6:balanceControl	24	static
../Core/Src/main.c:279:5:main	112	static
../Core/Src/main.c:397:6:SystemClock_Config	96	static
../Core/Src/main.c:447:13:MX_TIM2_Init	56	static
../Core/Src/main.c:496:13:MX_TIM3_Init	56	static
../Core/Src/main.c:545:13:MX_TIM8_Init	112	static
../Core/Src/main.c:625:13:MX_USART2_UART_Init	8	static
../Core/Src/main.c:660:13:MX_GPIO_Init	40	static
../Core/Src/main.c:686:6:HAL_UART_RxCpltCallback	64	static
../Core/Src/main.c:765:6:computeControlEffort	32	static
../Core/Src/main.c:887:6:sendData	48	static
../Core/Src/main.c:913:6:checkLimits	16	static
../Core/Src/main.c:943:6:HAL_TIM_PeriodElapsedCallback	16	static
../Core/Src/main.c:960:6:Error_Handler	4	static,ignoring_inline_asm
