../Core/Src/main.c:114:6:updatePosition	32	static
../Core/Src/main.c:132:6:updatePendulumState	16	static
../Core/Src/main.c:148:6:swingUpPendulum	16	static
../Core/Src/main.c:164:8:calculateVelocity	40	static
../Core/Src/main.c:169:6:swingDownPendulum	8	static
../Core/Src/main.c:179:6:swingDownControl	24	static
../Core/Src/main.c:208:6:checkFallDirection	24	static
../Core/Src/main.c:217:6:swingUpControl	24	static
../Core/Src/main.c:245:6:balanceControl	24	static
../Core/Src/main.c:279:5:main	112	static
../Core/Src/main.c:401:6:SystemClock_Config	96	static
../Core/Src/main.c:451:13:MX_TIM2_Init	56	static
../Core/Src/main.c:500:13:MX_TIM3_Init	56	static
../Core/Src/main.c:549:13:MX_TIM8_Init	112	static
../Core/Src/main.c:629:13:MX_USART2_UART_Init	8	static
../Core/Src/main.c:664:13:MX_GPIO_Init	40	static
../Core/Src/main.c:693:6:HAL_UART_RxCpltCallback	64	static
../Core/Src/main.c:772:6:computeControlEffort	32	static
../Core/Src/main.c:894:6:sendData	48	static
../Core/Src/main.c:920:6:checkLimits	16	static
../Core/Src/main.c:950:6:HAL_TIM_PeriodElapsedCallback	16	static
../Core/Src/main.c:967:6:Error_Handler	4	static,ignoring_inline_asm
